// Jest Snapshot v1, https://goo.gl/fbAQLP

exports[`SearchComponent tests should render the component to match the snapshot correctly 1`] = `
<DocumentFragment>
  .c0 {
  margin: 30px auto;
  max-width: 570px;
  z-index: 1;
}

.c1 {
  display: -webkit-box;
  display: -webkit-flex;
  display: -ms-flexbox;
  display: flex;
  -webkit-box-pack: center;
  -webkit-justify-content: center;
  -ms-flex-pack: center;
  justify-content: center;
}

.c1 div:first-child {
  margin-right: 15px;
}

<div
    class="c0"
  >
    <form
      data-testid="form"
    >
      <h4
        class="MuiTypography-root MuiTypography-h4 MuiTypography-colorInherit MuiTypography-alignLeft"
      >
        Search for song, artist or album.
      </h4>
      <br />
      <div
        class="c1"
      >
        <div
          class="MuiFormControl-root MuiTextField-root MuiFormControl-fullWidth"
        >
          <div
            class="MuiInputBase-root MuiOutlinedInput-root MuiInputBase-colorSecondary MuiOutlinedInput-colorSecondary MuiInputBase-fullWidth MuiInputBase-formControl"
          >
            <input
              aria-invalid="false"
              class="MuiInputBase-input MuiOutlinedInput-input MuiInputBase-inputTypeSearch"
              placeholder="search"
              type="search"
              value=""
            />
            <fieldset
              aria-hidden="true"
              class="PrivateNotchedOutline-root-1 MuiOutlinedInput-notchedOutline"
              style="padding-left: 8px;"
            >
              <legend
                class="PrivateNotchedOutline-legend-2"
                style="width: 0.01px;"
              >
                <span>
                  â€‹
                </span>
              </legend>
            </fieldset>
          </div>
        </div>
        <button
          class="MuiButtonBase-root MuiButton-root MuiButton-contained"
          tabindex="0"
          type="submit"
        >
          <span
            class="MuiButton-label"
          >
            Submit
          </span>
          <span
            class="MuiTouchRipple-root"
          />
        </button>
      </div>
    </form>
  </div>
</DocumentFragment>
`;
